// Jest Snapshot v1, https://goo.gl/fbAQLP

exports[`Testing the About component renders output consistently to the DOM 1`] = `
<div
  className="aboutContainer px-3 container"
>
  <h2>
    <i>
      About the Application
    </i>
  </h2>
  <div>
    <i>
      SIBYMeals
    </i>
      is an application to help users prepare meals conveniently for their loved ones. With our catalogue list of various foods, you can choose a certain category of foods & view details on each listed food item. The detailed page for each food item gives you the cooking instructions & a source link which gives you more information on the ingredients you need & their prospective measurements.
  </div>
  <div
    className="my-3"
  >
    <img
      alt="project gif"
      src="projectGif.gif"
      style={
        Object {
          "width": "80%",
        }
      }
    />
  </div>
  <p
    className="my-4 copyright"
  >
    Designed and developed by:
     
    <a
      href="https://github.com/ClaytonSiby"
      rel="noreferrer"
      target="_blank"
    >
      <i>
        Clayton Siby
      </i>
    </a>
      © copyright 2021
  </p>
</div>
`;
